// Jest Snapshot v1, https://goo.gl/fbAQLP

exports[`should match snapshot 1`] = `
ShallowWrapper {
  "length": 1,
  Symbol(enzyme.__root__): [Circular],
  Symbol(enzyme.__unrendered__): <App />,
  Symbol(enzyme.__renderer__): Object {
    "batchedUpdates": [Function],
    "getNode": [Function],
    "render": [Function],
    "simulateEvent": [Function],
    "unmount": [Function],
  },
  Symbol(enzyme.__node__): Object {
    "instance": null,
    "key": undefined,
    "nodeType": "host",
    "props": Object {
      "children": Array [
        <section>
          <div
                    className="title"
          >
                    Pomodoro Clock
          </div>
</section>,
        <section>
          <div
                    className=""
          >
                    <div>
                              BREAK
                    </div>
                    05:00
                    <div>
                              <Button
                                        active={false}
                                        onClick={[Function]}
                                        text="+"
                              />
                              <Button
                                        active={false}
                                        onClick={[Function]}
                                        text="-"
                              />
                    </div>
          </div>
          <div
                    className="active"
          >
                    <div>
                              SESSION
                    </div>
                    25:00
                    <div>
                              <Button
                                        active={false}
                                        onClick={[Function]}
                                        text="+"
                              />
                              <Button
                                        active={false}
                                        onClick={[Function]}
                                        text="-"
                              />
                    </div>
          </div>
</section>,
        <section>
          <div>
                    25:00
                    <div>
                              <Button
                                        active={false}
                                        onClick={[Function]}
                                        text="START"
                              />
                              <Button
                                        active={false}
                                        onClick={[Function]}
                                        text="PAUSE"
                              />
                              <Button
                                        active={true}
                                        onClick={[Function]}
                                        text="RESET"
                              />
                    </div>
          </div>
</section>,
      ],
      "className": "App",
    },
    "ref": null,
    "rendered": Array [
      Object {
        "instance": null,
        "key": undefined,
        "nodeType": "host",
        "props": Object {
          "children": <div
            className="title"
>
            Pomodoro Clock
</div>,
        },
        "ref": null,
        "rendered": Object {
          "instance": null,
          "key": undefined,
          "nodeType": "host",
          "props": Object {
            "children": "Pomodoro Clock",
            "className": "title",
          },
          "ref": null,
          "rendered": "Pomodoro Clock",
          "type": "div",
        },
        "type": "section",
      },
      Object {
        "instance": null,
        "key": undefined,
        "nodeType": "host",
        "props": Object {
          "children": Array [
            <div
              className=""
>
              <div>
                            BREAK
              </div>
              05:00
              <div>
                            <Button
                                          active={false}
                                          onClick={[Function]}
                                          text="+"
                            />
                            <Button
                                          active={false}
                                          onClick={[Function]}
                                          text="-"
                            />
              </div>
</div>,
            <div
              className="active"
>
              <div>
                            SESSION
              </div>
              25:00
              <div>
                            <Button
                                          active={false}
                                          onClick={[Function]}
                                          text="+"
                            />
                            <Button
                                          active={false}
                                          onClick={[Function]}
                                          text="-"
                            />
              </div>
</div>,
          ],
        },
        "ref": null,
        "rendered": Array [
          Object {
            "instance": null,
            "key": undefined,
            "nodeType": "host",
            "props": Object {
              "children": Array [
                <div>
                  BREAK
</div>,
                "05:00",
                <div>
                  <Button
                                    active={false}
                                    onClick={[Function]}
                                    text="+"
                  />
                  <Button
                                    active={false}
                                    onClick={[Function]}
                                    text="-"
                  />
</div>,
              ],
              "className": "",
            },
            "ref": null,
            "rendered": Array [
              Object {
                "instance": null,
                "key": undefined,
                "nodeType": "host",
                "props": Object {
                  "children": "BREAK",
                },
                "ref": null,
                "rendered": "BREAK",
                "type": "div",
              },
              "05:00",
              Object {
                "instance": null,
                "key": undefined,
                "nodeType": "host",
                "props": Object {
                  "children": Array [
                    <Button
                      active={false}
                      onClick={[Function]}
                      text="+"
/>,
                    <Button
                      active={false}
                      onClick={[Function]}
                      text="-"
/>,
                  ],
                },
                "ref": null,
                "rendered": Array [
                  Object {
                    "instance": null,
                    "key": undefined,
                    "nodeType": "function",
                    "props": Object {
                      "active": false,
                      "onClick": [Function],
                      "text": "+",
                    },
                    "ref": null,
                    "rendered": null,
                    "type": [Function],
                  },
                  Object {
                    "instance": null,
                    "key": undefined,
                    "nodeType": "function",
                    "props": Object {
                      "active": false,
                      "onClick": [Function],
                      "text": "-",
                    },
                    "ref": null,
                    "rendered": null,
                    "type": [Function],
                  },
                ],
                "type": "div",
              },
            ],
            "type": "div",
          },
          Object {
            "instance": null,
            "key": undefined,
            "nodeType": "host",
            "props": Object {
              "children": Array [
                <div>
                  SESSION
</div>,
                "25:00",
                <div>
                  <Button
                                    active={false}
                                    onClick={[Function]}
                                    text="+"
                  />
                  <Button
                                    active={false}
                                    onClick={[Function]}
                                    text="-"
                  />
</div>,
              ],
              "className": "active",
            },
            "ref": null,
            "rendered": Array [
              Object {
                "instance": null,
                "key": undefined,
                "nodeType": "host",
                "props": Object {
                  "children": "SESSION",
                },
                "ref": null,
                "rendered": "SESSION",
                "type": "div",
              },
              "25:00",
              Object {
                "instance": null,
                "key": undefined,
                "nodeType": "host",
                "props": Object {
                  "children": Array [
                    <Button
                      active={false}
                      onClick={[Function]}
                      text="+"
/>,
                    <Button
                      active={false}
                      onClick={[Function]}
                      text="-"
/>,
                  ],
                },
                "ref": null,
                "rendered": Array [
                  Object {
                    "instance": null,
                    "key": undefined,
                    "nodeType": "function",
                    "props": Object {
                      "active": false,
                      "onClick": [Function],
                      "text": "+",
                    },
                    "ref": null,
                    "rendered": null,
                    "type": [Function],
                  },
                  Object {
                    "instance": null,
                    "key": undefined,
                    "nodeType": "function",
                    "props": Object {
                      "active": false,
                      "onClick": [Function],
                      "text": "-",
                    },
                    "ref": null,
                    "rendered": null,
                    "type": [Function],
                  },
                ],
                "type": "div",
              },
            ],
            "type": "div",
          },
        ],
        "type": "section",
      },
      Object {
        "instance": null,
        "key": undefined,
        "nodeType": "host",
        "props": Object {
          "children": <div>
            25:00
            <div>
                        <Button
                                    active={false}
                                    onClick={[Function]}
                                    text="START"
                        />
                        <Button
                                    active={false}
                                    onClick={[Function]}
                                    text="PAUSE"
                        />
                        <Button
                                    active={true}
                                    onClick={[Function]}
                                    text="RESET"
                        />
            </div>
</div>,
        },
        "ref": null,
        "rendered": Object {
          "instance": null,
          "key": undefined,
          "nodeType": "host",
          "props": Object {
            "children": Array [
              "25:00",
              <div>
                <Button
                                active={false}
                                onClick={[Function]}
                                text="START"
                />
                <Button
                                active={false}
                                onClick={[Function]}
                                text="PAUSE"
                />
                <Button
                                active={true}
                                onClick={[Function]}
                                text="RESET"
                />
</div>,
            ],
          },
          "ref": null,
          "rendered": Array [
            "25:00",
            Object {
              "instance": null,
              "key": undefined,
              "nodeType": "host",
              "props": Object {
                "children": Array [
                  <Button
                    active={false}
                    onClick={[Function]}
                    text="START"
/>,
                  <Button
                    active={false}
                    onClick={[Function]}
                    text="PAUSE"
/>,
                  <Button
                    active={true}
                    onClick={[Function]}
                    text="RESET"
/>,
                ],
              },
              "ref": null,
              "rendered": Array [
                Object {
                  "instance": null,
                  "key": undefined,
                  "nodeType": "function",
                  "props": Object {
                    "active": false,
                    "onClick": [Function],
                    "text": "START",
                  },
                  "ref": null,
                  "rendered": null,
                  "type": [Function],
                },
                Object {
                  "instance": null,
                  "key": undefined,
                  "nodeType": "function",
                  "props": Object {
                    "active": false,
                    "onClick": [Function],
                    "text": "PAUSE",
                  },
                  "ref": null,
                  "rendered": null,
                  "type": [Function],
                },
                Object {
                  "instance": null,
                  "key": undefined,
                  "nodeType": "function",
                  "props": Object {
                    "active": true,
                    "onClick": [Function],
                    "text": "RESET",
                  },
                  "ref": null,
                  "rendered": null,
                  "type": [Function],
                },
              ],
              "type": "div",
            },
          ],
          "type": "div",
        },
        "type": "section",
      },
    ],
    "type": "div",
  },
  Symbol(enzyme.__nodes__): Array [
    Object {
      "instance": null,
      "key": undefined,
      "nodeType": "host",
      "props": Object {
        "children": Array [
          <section>
            <div
                        className="title"
            >
                        Pomodoro Clock
            </div>
</section>,
          <section>
            <div
                        className=""
            >
                        <div>
                                    BREAK
                        </div>
                        05:00
                        <div>
                                    <Button
                                                active={false}
                                                onClick={[Function]}
                                                text="+"
                                    />
                                    <Button
                                                active={false}
                                                onClick={[Function]}
                                                text="-"
                                    />
                        </div>
            </div>
            <div
                        className="active"
            >
                        <div>
                                    SESSION
                        </div>
                        25:00
                        <div>
                                    <Button
                                                active={false}
                                                onClick={[Function]}
                                                text="+"
                                    />
                                    <Button
                                                active={false}
                                                onClick={[Function]}
                                                text="-"
                                    />
                        </div>
            </div>
</section>,
          <section>
            <div>
                        25:00
                        <div>
                                    <Button
                                                active={false}
                                                onClick={[Function]}
                                                text="START"
                                    />
                                    <Button
                                                active={false}
                                                onClick={[Function]}
                                                text="PAUSE"
                                    />
                                    <Button
                                                active={true}
                                                onClick={[Function]}
                                                text="RESET"
                                    />
                        </div>
            </div>
</section>,
        ],
        "className": "App",
      },
      "ref": null,
      "rendered": Array [
        Object {
          "instance": null,
          "key": undefined,
          "nodeType": "host",
          "props": Object {
            "children": <div
              className="title"
>
              Pomodoro Clock
</div>,
          },
          "ref": null,
          "rendered": Object {
            "instance": null,
            "key": undefined,
            "nodeType": "host",
            "props": Object {
              "children": "Pomodoro Clock",
              "className": "title",
            },
            "ref": null,
            "rendered": "Pomodoro Clock",
            "type": "div",
          },
          "type": "section",
        },
        Object {
          "instance": null,
          "key": undefined,
          "nodeType": "host",
          "props": Object {
            "children": Array [
              <div
                className=""
>
                <div>
                                BREAK
                </div>
                05:00
                <div>
                                <Button
                                                active={false}
                                                onClick={[Function]}
                                                text="+"
                                />
                                <Button
                                                active={false}
                                                onClick={[Function]}
                                                text="-"
                                />
                </div>
</div>,
              <div
                className="active"
>
                <div>
                                SESSION
                </div>
                25:00
                <div>
                                <Button
                                                active={false}
                                                onClick={[Function]}
                                                text="+"
                                />
                                <Button
                                                active={false}
                                                onClick={[Function]}
                                                text="-"
                                />
                </div>
</div>,
            ],
          },
          "ref": null,
          "rendered": Array [
            Object {
              "instance": null,
              "key": undefined,
              "nodeType": "host",
              "props": Object {
                "children": Array [
                  <div>
                    BREAK
</div>,
                  "05:00",
                  <div>
                    <Button
                                        active={false}
                                        onClick={[Function]}
                                        text="+"
                    />
                    <Button
                                        active={false}
                                        onClick={[Function]}
                                        text="-"
                    />
</div>,
                ],
                "className": "",
              },
              "ref": null,
              "rendered": Array [
                Object {
                  "instance": null,
                  "key": undefined,
                  "nodeType": "host",
                  "props": Object {
                    "children": "BREAK",
                  },
                  "ref": null,
                  "rendered": "BREAK",
                  "type": "div",
                },
                "05:00",
                Object {
                  "instance": null,
                  "key": undefined,
                  "nodeType": "host",
                  "props": Object {
                    "children": Array [
                      <Button
                        active={false}
                        onClick={[Function]}
                        text="+"
/>,
                      <Button
                        active={false}
                        onClick={[Function]}
                        text="-"
/>,
                    ],
                  },
                  "ref": null,
                  "rendered": Array [
                    Object {
                      "instance": null,
                      "key": undefined,
                      "nodeType": "function",
                      "props": Object {
                        "active": false,
                        "onClick": [Function],
                        "text": "+",
                      },
                      "ref": null,
                      "rendered": null,
                      "type": [Function],
                    },
                    Object {
                      "instance": null,
                      "key": undefined,
                      "nodeType": "function",
                      "props": Object {
                        "active": false,
                        "onClick": [Function],
                        "text": "-",
                      },
                      "ref": null,
                      "rendered": null,
                      "type": [Function],
                    },
                  ],
                  "type": "div",
                },
              ],
              "type": "div",
            },
            Object {
              "instance": null,
              "key": undefined,
              "nodeType": "host",
              "props": Object {
                "children": Array [
                  <div>
                    SESSION
</div>,
                  "25:00",
                  <div>
                    <Button
                                        active={false}
                                        onClick={[Function]}
                                        text="+"
                    />
                    <Button
                                        active={false}
                                        onClick={[Function]}
                                        text="-"
                    />
</div>,
                ],
                "className": "active",
              },
              "ref": null,
              "rendered": Array [
                Object {
                  "instance": null,
                  "key": undefined,
                  "nodeType": "host",
                  "props": Object {
                    "children": "SESSION",
                  },
                  "ref": null,
                  "rendered": "SESSION",
                  "type": "div",
                },
                "25:00",
                Object {
                  "instance": null,
                  "key": undefined,
                  "nodeType": "host",
                  "props": Object {
                    "children": Array [
                      <Button
                        active={false}
                        onClick={[Function]}
                        text="+"
/>,
                      <Button
                        active={false}
                        onClick={[Function]}
                        text="-"
/>,
                    ],
                  },
                  "ref": null,
                  "rendered": Array [
                    Object {
                      "instance": null,
                      "key": undefined,
                      "nodeType": "function",
                      "props": Object {
                        "active": false,
                        "onClick": [Function],
                        "text": "+",
                      },
                      "ref": null,
                      "rendered": null,
                      "type": [Function],
                    },
                    Object {
                      "instance": null,
                      "key": undefined,
                      "nodeType": "function",
                      "props": Object {
                        "active": false,
                        "onClick": [Function],
                        "text": "-",
                      },
                      "ref": null,
                      "rendered": null,
                      "type": [Function],
                    },
                  ],
                  "type": "div",
                },
              ],
              "type": "div",
            },
          ],
          "type": "section",
        },
        Object {
          "instance": null,
          "key": undefined,
          "nodeType": "host",
          "props": Object {
            "children": <div>
              25:00
              <div>
                            <Button
                                          active={false}
                                          onClick={[Function]}
                                          text="START"
                            />
                            <Button
                                          active={false}
                                          onClick={[Function]}
                                          text="PAUSE"
                            />
                            <Button
                                          active={true}
                                          onClick={[Function]}
                                          text="RESET"
                            />
              </div>
</div>,
          },
          "ref": null,
          "rendered": Object {
            "instance": null,
            "key": undefined,
            "nodeType": "host",
            "props": Object {
              "children": Array [
                "25:00",
                <div>
                  <Button
                                    active={false}
                                    onClick={[Function]}
                                    text="START"
                  />
                  <Button
                                    active={false}
                                    onClick={[Function]}
                                    text="PAUSE"
                  />
                  <Button
                                    active={true}
                                    onClick={[Function]}
                                    text="RESET"
                  />
</div>,
              ],
            },
            "ref": null,
            "rendered": Array [
              "25:00",
              Object {
                "instance": null,
                "key": undefined,
                "nodeType": "host",
                "props": Object {
                  "children": Array [
                    <Button
                      active={false}
                      onClick={[Function]}
                      text="START"
/>,
                    <Button
                      active={false}
                      onClick={[Function]}
                      text="PAUSE"
/>,
                    <Button
                      active={true}
                      onClick={[Function]}
                      text="RESET"
/>,
                  ],
                },
                "ref": null,
                "rendered": Array [
                  Object {
                    "instance": null,
                    "key": undefined,
                    "nodeType": "function",
                    "props": Object {
                      "active": false,
                      "onClick": [Function],
                      "text": "START",
                    },
                    "ref": null,
                    "rendered": null,
                    "type": [Function],
                  },
                  Object {
                    "instance": null,
                    "key": undefined,
                    "nodeType": "function",
                    "props": Object {
                      "active": false,
                      "onClick": [Function],
                      "text": "PAUSE",
                    },
                    "ref": null,
                    "rendered": null,
                    "type": [Function],
                  },
                  Object {
                    "instance": null,
                    "key": undefined,
                    "nodeType": "function",
                    "props": Object {
                      "active": true,
                      "onClick": [Function],
                      "text": "RESET",
                    },
                    "ref": null,
                    "rendered": null,
                    "type": [Function],
                  },
                ],
                "type": "div",
              },
            ],
            "type": "div",
          },
          "type": "section",
        },
      ],
      "type": "div",
    },
  ],
  Symbol(enzyme.__options__): Object {
    "adapter": ReactSixteenAdapter {
      "options": Object {
        "enableComponentDidUpdateOnSetState": true,
      },
    },
  },
}
`;
